Archive member included to satisfy reference by file (symbol)

d:/msys64/mingw64/bin/../lib/gcc/arm-none-eabi/12.2.0/../../../../arm-none-eabi/lib/thumb/v7e-m+fp/hard\libc_nano.a(lib_a-atexit.o)
                              d:/msys64/mingw64/bin/../lib/gcc/arm-none-eabi/12.2.0/../../../../arm-none-eabi/lib/thumb/v7e-m+fp/hard/crt0.o (atexit)
d:/msys64/mingw64/bin/../lib/gcc/arm-none-eabi/12.2.0/../../../../arm-none-eabi/lib/thumb/v7e-m+fp/hard\libc_nano.a(lib_a-exit.o)
                              d:/msys64/mingw64/bin/../lib/gcc/arm-none-eabi/12.2.0/../../../../arm-none-eabi/lib/thumb/v7e-m+fp/hard/crt0.o (exit)
d:/msys64/mingw64/bin/../lib/gcc/arm-none-eabi/12.2.0/../../../../arm-none-eabi/lib/thumb/v7e-m+fp/hard\libc_nano.a(lib_a-fini.o)
                              d:/msys64/mingw64/bin/../lib/gcc/arm-none-eabi/12.2.0/../../../../arm-none-eabi/lib/thumb/v7e-m+fp/hard/crt0.o (__libc_fini_array)
d:/msys64/mingw64/bin/../lib/gcc/arm-none-eabi/12.2.0/../../../../arm-none-eabi/lib/thumb/v7e-m+fp/hard\libc_nano.a(lib_a-impure.o)
                              d:/msys64/mingw64/bin/../lib/gcc/arm-none-eabi/12.2.0/../../../../arm-none-eabi/lib/thumb/v7e-m+fp/hard\libc_nano.a(lib_a-exit.o) (_global_impure_ptr)
d:/msys64/mingw64/bin/../lib/gcc/arm-none-eabi/12.2.0/../../../../arm-none-eabi/lib/thumb/v7e-m+fp/hard\libc_nano.a(lib_a-init.o)
                              d:/msys64/mingw64/bin/../lib/gcc/arm-none-eabi/12.2.0/../../../../arm-none-eabi/lib/thumb/v7e-m+fp/hard/crt0.o (__libc_init_array)
d:/msys64/mingw64/bin/../lib/gcc/arm-none-eabi/12.2.0/../../../../arm-none-eabi/lib/thumb/v7e-m+fp/hard\libc_nano.a(lib_a-memset.o)
                              d:/msys64/mingw64/bin/../lib/gcc/arm-none-eabi/12.2.0/../../../../arm-none-eabi/lib/thumb/v7e-m+fp/hard/crt0.o (memset)
d:/msys64/mingw64/bin/../lib/gcc/arm-none-eabi/12.2.0/../../../../arm-none-eabi/lib/thumb/v7e-m+fp/hard\libc_nano.a(lib_a-__atexit.o)
                              d:/msys64/mingw64/bin/../lib/gcc/arm-none-eabi/12.2.0/../../../../arm-none-eabi/lib/thumb/v7e-m+fp/hard\libc_nano.a(lib_a-atexit.o) (__register_exitproc)
d:/msys64/mingw64/bin/../lib/gcc/arm-none-eabi/12.2.0/../../../../arm-none-eabi/lib/thumb/v7e-m+fp/hard\libc_nano.a(lib_a-__call_atexit.o)
                              d:/msys64/mingw64/bin/../lib/gcc/arm-none-eabi/12.2.0/../../../../arm-none-eabi/lib/thumb/v7e-m+fp/hard\libc_nano.a(lib_a-__atexit.o) (__call_exitprocs)
d:/msys64/mingw64/bin/../lib/gcc/arm-none-eabi/12.2.0/../../../../arm-none-eabi/lib/thumb/v7e-m+fp/hard\libc_nano.a(lib_a-lock.o)
                              d:/msys64/mingw64/bin/../lib/gcc/arm-none-eabi/12.2.0/../../../../arm-none-eabi/lib/thumb/v7e-m+fp/hard\libc_nano.a(lib_a-__atexit.o) (__retarget_lock_acquire_recursive)
d:/msys64/mingw64/bin/../lib/gcc/arm-none-eabi/12.2.0/thumb/v7e-m+fp/hard\libgcc.a(_aeabi_uldivmod.o)
                              CMakeFiles/Intelligent_Logistics_Handling_IIC.dir/Drivers/STM32F4xx_HAL_Driver/Src/stm32f4xx_hal_rcc.c.obj (__aeabi_uldivmod)
d:/msys64/mingw64/bin/../lib/gcc/arm-none-eabi/12.2.0/thumb/v7e-m+fp/hard\libgcc.a(_udivmoddi4.o)
                              d:/msys64/mingw64/bin/../lib/gcc/arm-none-eabi/12.2.0/thumb/v7e-m+fp/hard\libgcc.a(_aeabi_uldivmod.o) (__udivmoddi4)
d:/msys64/mingw64/bin/../lib/gcc/arm-none-eabi/12.2.0/thumb/v7e-m+fp/hard\libgcc.a(_dvmd_tls.o)
                              d:/msys64/mingw64/bin/../lib/gcc/arm-none-eabi/12.2.0/thumb/v7e-m+fp/hard\libgcc.a(_aeabi_uldivmod.o) (__aeabi_ldiv0)
d:/msys64/mingw64/bin/../lib/gcc/arm-none-eabi/12.2.0/../../../../arm-none-eabi/lib/thumb/v7e-m+fp/hard\libg_nano.a(lib_a-errno.o)
                              CMakeFiles/Intelligent_Logistics_Handling_IIC.dir/Core/Src/sysmem.c.obj (__errno)

Discarded input sections

 .text          0x0000000000000000        0x0 d:/msys64/mingw64/bin/../lib/gcc/arm-none-eabi/12.2.0/thumb/v7e-m+fp/hard/crti.o
 .data          0x0000000000000000        0x0 d:/msys64/mingw64/bin/../lib/gcc/arm-none-eabi/12.2.0/thumb/v7e-m+fp/hard/crti.o
 .bss           0x0000000000000000        0x0 d:/msys64/mingw64/bin/../lib/gcc/arm-none-eabi/12.2.0/thumb/v7e-m+fp/hard/crti.o
 .text          0x0000000000000000        0x0 d:/msys64/mingw64/bin/../lib/gcc/arm-none-eabi/12.2.0/thumb/v7e-m+fp/hard/crtbegin.o
 .data          0x0000000000000000        0x0 d:/msys64/mingw64/bin/../lib/gcc/arm-none-eabi/12.2.0/thumb/v7e-m+fp/hard/crtbegin.o
 .bss           0x0000000000000000        0x0 d:/msys64/mingw64/bin/../lib/gcc/arm-none-eabi/12.2.0/thumb/v7e-m+fp/hard/crtbegin.o
 .rodata.all_implied_fbits
                0x0000000000000000       0x24 d:/msys64/mingw64/bin/../lib/gcc/arm-none-eabi/12.2.0/thumb/v7e-m+fp/hard/crtbegin.o
 .data.__dso_handle
                0x0000000000000000        0x4 d:/msys64/mingw64/bin/../lib/gcc/arm-none-eabi/12.2.0/thumb/v7e-m+fp/hard/crtbegin.o
[...]
Memory Configuration

Name             Origin             Length             Attributes
RAM              0x0000000020000000 0x0000000000020000 xrw
CCMRAM           0x0000000010000000 0x0000000000010000 xrw
FLASH            0x0000000008000000 0x0000000000100000 xr
*default*        0x0000000000000000 0xffffffffffffffff

Linker script and memory map

LOAD d:/msys64/mingw64/bin/../lib/gcc/arm-none-eabi/12.2.0/thumb/v7e-m+fp/hard/crti.o
LOAD d:/msys64/mingw64/bin/../lib/gcc/arm-none-eabi/12.2.0/thumb/v7e-m+fp/hard/crtbegin.o
LOAD d:/msys64/mingw64/bin/../lib/gcc/arm-none-eabi/12.2.0/../../../../arm-none-eabi/lib/thumb/v7e-m+fp/hard/crt0.o
START GROUP
LOAD d:/msys64/mingw64/bin/../lib/gcc/arm-none-eabi/12.2.0/../../../../arm-none-eabi/lib/thumb/v7e-m+fp/hard\libc_nano.a
LOAD d:/msys64/mingw64/bin/../lib/gcc/arm-none-eabi/12.2.0/../../../../arm-none-eabi/lib/thumb/v7e-m+fp/hard\libm.a
END GROUP
LOAD CMakeFiles/Intelligent_Logistics_Handling_IIC.dir/Core/Src/main.c.obj
LOAD CMakeFiles/Intelligent_Logistics_Handling_IIC.dir/Core/Src/gpio.c.obj
LOAD CMakeFiles/Intelligent_Logistics_Handling_IIC.dir/Core/Src/stm32f4xx_it.c.obj
LOAD CMakeFiles/Intelligent_Logistics_Handling_IIC.dir/Core/Src/stm32f4xx_hal_msp.c.obj
LOAD CMakeFiles/Intelligent_Logistics_Handling_IIC.dir/Drivers/STM32F4xx_HAL_Driver/Src/stm32f4xx_hal_tim.c.obj
LOAD CMakeFiles/Intelligent_Logistics_Handling_IIC.dir/Drivers/STM32F4xx_HAL_Driver/Src/stm32f4xx_hal_tim_ex.c.obj
LOAD CMakeFiles/Intelligent_Logistics_Handling_IIC.dir/Drivers/STM32F4xx_HAL_Driver/Src/stm32f4xx_hal_rcc.c.obj
LOAD CMakeFiles/Intelligent_Logistics_Handling_IIC.dir/Drivers/STM32F4xx_HAL_Driver/Src/stm32f4xx_hal_rcc_ex.c.obj
LOAD CMakeFiles/Intelligent_Logistics_Handling_IIC.dir/Drivers/STM32F4xx_HAL_Driver/Src/stm32f4xx_hal_flash.c.obj
LOAD CMakeFiles/Intelligent_Logistics_Handling_IIC.dir/Drivers/STM32F4xx_HAL_Driver/Src/stm32f4xx_hal_flash_ex.c.obj
LOAD CMakeFiles/Intelligent_Logistics_Handling_IIC.dir/Drivers/STM32F4xx_HAL_Driver/Src/stm32f4xx_hal_flash_ramfunc.c.obj
LOAD CMakeFiles/Intelligent_Logistics_Handling_IIC.dir/Drivers/STM32F4xx_HAL_Driver/Src/stm32f4xx_hal_gpio.c.obj
LOAD CMakeFiles/Intelligent_Logistics_Handling_IIC.dir/Drivers/STM32F4xx_HAL_Driver/Src/stm32f4xx_hal_dma_ex.c.obj
LOAD CMakeFiles/Intelligent_Logistics_Handling_IIC.dir/Drivers/STM32F4xx_HAL_Driver/Src/stm32f4xx_hal_dma.c.obj
LOAD CMakeFiles/Intelligent_Logistics_Handling_IIC.dir/Drivers/STM32F4xx_HAL_Driver/Src/stm32f4xx_hal_pwr.c.obj
LOAD CMakeFiles/Intelligent_Logistics_Handling_IIC.dir/Drivers/STM32F4xx_HAL_Driver/Src/stm32f4xx_hal_pwr_ex.c.obj
LOAD CMakeFiles/Intelligent_Logistics_Handling_IIC.dir/Drivers/STM32F4xx_HAL_Driver/Src/stm32f4xx_hal_cortex.c.obj
LOAD CMakeFiles/Intelligent_Logistics_Handling_IIC.dir/Drivers/STM32F4xx_HAL_Driver/Src/stm32f4xx_hal.c.obj
LOAD CMakeFiles/Intelligent_Logistics_Handling_IIC.dir/Drivers/STM32F4xx_HAL_Driver/Src/stm32f4xx_hal_exti.c.obj
LOAD CMakeFiles/Intelligent_Logistics_Handling_IIC.dir/Core/Src/system_stm32f4xx.c.obj
LOAD CMakeFiles/Intelligent_Logistics_Handling_IIC.dir/Core/Src/sysmem.c.obj
LOAD CMakeFiles/Intelligent_Logistics_Handling_IIC.dir/Core/Src/syscalls.c.obj
LOAD CMakeFiles/Intelligent_Logistics_Handling_IIC.dir/startup_stm32f407xx.s.obj
START GROUP
LOAD d:/msys64/mingw64/bin/../lib/gcc/arm-none-eabi/12.2.0/thumb/v7e-m+fp/hard\libgcc.a
LOAD d:/msys64/mingw64/bin/../lib/gcc/arm-none-eabi/12.2.0/../../../../arm-none-eabi/lib/thumb/v7e-m+fp/hard\libg_nano.a
LOAD d:/msys64/mingw64/bin/../lib/gcc/arm-none-eabi/12.2.0/../../../../arm-none-eabi/lib/thumb/v7e-m+fp/hard\libc_nano.a
END GROUP
START GROUP
LOAD d:/msys64/mingw64/bin/../lib/gcc/arm-none-eabi/12.2.0/thumb/v7e-m+fp/hard\libgcc.a
LOAD d:/msys64/mingw64/bin/../lib/gcc/arm-none-eabi/12.2.0/../../../../arm-none-eabi/lib/thumb/v7e-m+fp/hard\libc_nano.a
END GROUP
LOAD d:/msys64/mingw64/bin/../lib/gcc/arm-none-eabi/12.2.0/thumb/v7e-m+fp/hard/crtend.o
LOAD d:/msys64/mingw64/bin/../lib/gcc/arm-none-eabi/12.2.0/thumb/v7e-m+fp/hard/crtn.o
                0x0000000020020000                _estack = (ORIGIN (RAM) + LENGTH (RAM))
                0x0000000000000200                _Min_Heap_Size = 0x200
                0x0000000000000400                _Min_Stack_Size = 0x400

.isr_vector     0x0000000008000000      0x188
                0x0000000008000000                . = ALIGN (0x4)
 *(.isr_vector)
 .isr_vector    0x0000000008000000      0x188 CMakeFiles/Intelligent_Logistics_Handling_IIC.dir/startup_stm32f407xx.s.obj
                0x0000000008000000                g_pfnVectors
                0x0000000008000188                . = ALIGN (0x4)

.text           0x0000000008000188     0x15fc
                0x0000000008000188                . = ALIGN (0x4)
 *(.text)
 .text          0x0000000008000188       0x48 d:/msys64/mingw64/bin/../lib/gcc/arm-none-eabi/12.2.0/../../../../arm-none-eabi/lib/thumb/v7e-m+fp/hard\libc_nano.a(lib_a-init.o)
                0x0000000008000188                __libc_init_array
 .text          0x00000000080001d0       0xa4 d:/msys64/mingw64/bin/../lib/gcc/arm-none-eabi/12.2.0/../../../../arm-none-eabi/lib/thumb/v7e-m+fp/hard\libc_nano.a(lib_a-memset.o)
                0x00000000080001d0                memset
 .text          0x0000000008000274       0x30 d:/msys64/mingw64/bin/../lib/gcc/arm-none-eabi/12.2.0/thumb/v7e-m+fp/hard\libgcc.a(_aeabi_uldivmod.o)
                0x0000000008000274                __aeabi_uldivmod
 .text          0x00000000080002a4        0x4 d:/msys64/mingw64/bin/../lib/gcc/arm-none-eabi/12.2.0/thumb/v7e-m+fp/hard\libgcc.a(_dvmd_tls.o)
                0x00000000080002a4                __aeabi_idiv0
                0x00000000080002a4                __aeabi_ldiv0
 *(.text*)
 .text.__do_global_dtors_aux
                0x00000000080002a8       0x24 d:/msys64/mingw64/bin/../lib/gcc/arm-none-eabi/12.2.0/thumb/v7e-m+fp/hard/crtbegin.o
 .text.frame_dummy
                0x00000000080002cc       0x1c d:/msys64/mingw64/bin/../lib/gcc/arm-none-eabi/12.2.0/thumb/v7e-m+fp/hard/crtbegin.o
 .text.main     0x00000000080002e8       0x14 CMakeFiles/Intelligent_Logistics_Handling_IIC.dir/Core/Src/main.c.obj
                0x00000000080002e8                main
 .text.SystemClock_Config
                0x00000000080002fc       0xd4 CMakeFiles/Intelligent_Logistics_Handling_IIC.dir/Core/Src/main.c.obj
                0x00000000080002fc                SystemClock_Config
 .text.Error_Handler
                0x00000000080003d0        0xc CMakeFiles/Intelligent_Logistics_Handling_IIC.dir/Core/Src/main.c.obj
                0x00000000080003d0                Error_Handler
 .text.MX_GPIO_Init
                0x00000000080003dc       0xb8 CMakeFiles/Intelligent_Logistics_Handling_IIC.dir/Core/Src/gpio.c.obj
                0x00000000080003dc                MX_GPIO_Init
 .text.NMI_Handler
                0x0000000008000494        0x8 CMakeFiles/Intelligent_Logistics_Handling_IIC.dir/Core/Src/stm32f4xx_it.c.obj
                0x0000000008000494                NMI_Handler
 .text.HardFault_Handler
                0x000000000800049c        0x8 CMakeFiles/Intelligent_Logistics_Handling_IIC.dir/Core/Src/stm32f4xx_it.c.obj
                0x000000000800049c                HardFault_Handler
 .text.MemManage_Handler
                0x00000000080004a4        0x8 CMakeFiles/Intelligent_Logistics_Handling_IIC.dir/Core/Src/stm32f4xx_it.c.obj
                0x00000000080004a4                MemManage_Handler
 .text.BusFault_Handler
                0x00000000080004ac        0x8 CMakeFiles/Intelligent_Logistics_Handling_IIC.dir/Core/Src/stm32f4xx_it.c.obj
                0x00000000080004ac                BusFault_Handler
 .text.UsageFault_Handler
                0x00000000080004b4        0x8 CMakeFiles/Intelligent_Logistics_Handling_IIC.dir/Core/Src/stm32f4xx_it.c.obj
                0x00000000080004b4                UsageFault_Handler
 .text.SVC_Handler
                0x00000000080004bc        0xe CMakeFiles/Intelligent_Logistics_Handling_IIC.dir/Core/Src/stm32f4xx_it.c.obj
                0x00000000080004bc                SVC_Handler
 .text.DebugMon_Handler
                0x00000000080004ca        0xe CMakeFiles/Intelligent_Logistics_Handling_IIC.dir/Core/Src/stm32f4xx_it.c.obj
                0x00000000080004ca                DebugMon_Handler
 .text.PendSV_Handler
                0x00000000080004d8        0xe CMakeFiles/Intelligent_Logistics_Handling_IIC.dir/Core/Src/stm32f4xx_it.c.obj
                0x00000000080004d8                PendSV_Handler
 .text.SysTick_Handler
                0x00000000080004e6        0xc CMakeFiles/Intelligent_Logistics_Handling_IIC.dir/Core/Src/stm32f4xx_it.c.obj
                0x00000000080004e6                SysTick_Handler
 .text.EXTI0_IRQHandler
                0x00000000080004f2        0xe CMakeFiles/Intelligent_Logistics_Handling_IIC.dir/Core/Src/stm32f4xx_it.c.obj
                0x00000000080004f2                EXTI0_IRQHandler
 .text.HAL_MspInit
                0x0000000008000500       0x50 CMakeFiles/Intelligent_Logistics_Handling_IIC.dir/Core/Src/stm32f4xx_hal_msp.c.obj
                0x0000000008000500                HAL_MspInit
 .text.HAL_RCC_OscConfig
                0x0000000008000550      0x4f0 CMakeFiles/Intelligent_Logistics_Handling_IIC.dir/Drivers/STM32F4xx_HAL_Driver/Src/stm32f4xx_hal_rcc.c.obj
                0x0000000008000550                HAL_RCC_OscConfig
 .text.HAL_RCC_ClockConfig
                0x0000000008000a40      0x1cc CMakeFiles/Intelligent_Logistics_Handling_IIC.dir/Drivers/STM32F4xx_HAL_Driver/Src/stm32f4xx_hal_rcc.c.obj
                0x0000000008000a40                HAL_RCC_ClockConfig
 .text.HAL_RCC_GetSysClockFreq
                0x0000000008000c0c      0x18c CMakeFiles/Intelligent_Logistics_Handling_IIC.dir/Drivers/STM32F4xx_HAL_Driver/Src/stm32f4xx_hal_rcc.c.obj
                0x0000000008000c0c                HAL_RCC_GetSysClockFreq
 .text.HAL_GPIO_Init
                0x0000000008000d98      0x338 CMakeFiles/Intelligent_Logistics_Handling_IIC.dir/Drivers/STM32F4xx_HAL_Driver/Src/stm32f4xx_hal_gpio.c.obj
                0x0000000008000d98                HAL_GPIO_Init
 .text.HAL_GPIO_WritePin
                0x00000000080010d0       0x32 CMakeFiles/Intelligent_Logistics_Handling_IIC.dir/Drivers/STM32F4xx_HAL_Driver/Src/stm32f4xx_hal_gpio.c.obj
                0x00000000080010d0                HAL_GPIO_WritePin
 *fill*         0x0000000008001102        0x2 
 .text.HAL_GPIO_EXTI_IRQHandler
                0x0000000008001104       0x30 CMakeFiles/Intelligent_Logistics_Handling_IIC.dir/Drivers/STM32F4xx_HAL_Driver/Src/stm32f4xx_hal_gpio.c.obj
                0x0000000008001104                HAL_GPIO_EXTI_IRQHandler
 .text.HAL_GPIO_EXTI_Callback
                0x0000000008001134       0x16 CMakeFiles/Intelligent_Logistics_Handling_IIC.dir/Drivers/STM32F4xx_HAL_Driver/Src/stm32f4xx_hal_gpio.c.obj
                0x0000000008001134                HAL_GPIO_EXTI_Callback
 *fill*         0x000000000800114a        0x2 
 .text.__NVIC_SetPriorityGrouping
                0x000000000800114c       0x48 CMakeFiles/Intelligent_Logistics_Handling_IIC.dir/Drivers/STM32F4xx_HAL_Driver/Src/stm32f4xx_hal_cortex.c.obj
 .text.__NVIC_GetPriorityGrouping
                0x0000000008001194       0x1c CMakeFiles/Intelligent_Logistics_Handling_IIC.dir/Drivers/STM32F4xx_HAL_Driver/Src/stm32f4xx_hal_cortex.c.obj
 .text.__NVIC_EnableIRQ
                0x00000000080011b0       0x3c CMakeFiles/Intelligent_Logistics_Handling_IIC.dir/Drivers/STM32F4xx_HAL_Driver/Src/stm32f4xx_hal_cortex.c.obj
 .text.__NVIC_SetPriority
                0x00000000080011ec       0x54 CMakeFiles/Intelligent_Logistics_Handling_IIC.dir/Drivers/STM32F4xx_HAL_Driver/Src/stm32f4xx_hal_cortex.c.obj
 .text.NVIC_EncodePriority
                0x0000000008001240       0x66 CMakeFiles/Intelligent_Logistics_Handling_IIC.dir/Drivers/STM32F4xx_HAL_Driver/Src/stm32f4xx_hal_cortex.c.obj
 *fill*         0x00000000080012a6        0x2 
 .text.SysTick_Config
                0x00000000080012a8       0x44 CMakeFiles/Intelligent_Logistics_Handling_IIC.dir/Drivers/STM32F4xx_HAL_Driver/Src/stm32f4xx_hal_cortex.c.obj
 .text.HAL_NVIC_SetPriorityGrouping
                0x00000000080012ec       0x16 CMakeFiles/Intelligent_Logistics_Handling_IIC.dir/Drivers/STM32F4xx_HAL_Driver/Src/stm32f4xx_hal_cortex.c.obj
                0x00000000080012ec                HAL_NVIC_SetPriorityGrouping
 .text.HAL_NVIC_SetPriority
                0x0000000008001302       0x38 CMakeFiles/Intelligent_Logistics_Handling_IIC.dir/Drivers/STM32F4xx_HAL_Driver/Src/stm32f4xx_hal_cortex.c.obj
                0x0000000008001302                HAL_NVIC_SetPriority
 .text.HAL_NVIC_EnableIRQ
                0x000000000800133a       0x1c CMakeFiles/Intelligent_Logistics_Handling_IIC.dir/Drivers/STM32F4xx_HAL_Driver/Src/stm32f4xx_hal_cortex.c.obj
                0x000000000800133a                HAL_NVIC_EnableIRQ
 .text.HAL_SYSTICK_Config
                0x0000000008001356       0x18 CMakeFiles/Intelligent_Logistics_Handling_IIC.dir/Drivers/STM32F4xx_HAL_Driver/Src/stm32f4xx_hal_cortex.c.obj
                0x0000000008001356                HAL_SYSTICK_Config
 *fill*         0x000000000800136e        0x2 
 .text.HAL_Init
                0x0000000008001370       0x44 CMakeFiles/Intelligent_Logistics_Handling_IIC.dir/Drivers/STM32F4xx_HAL_Driver/Src/stm32f4xx_hal.c.obj
                0x0000000008001370                HAL_Init
 .text.HAL_InitTick
                0x00000000080013b4       0x60 CMakeFiles/Intelligent_Logistics_Handling_IIC.dir/Drivers/STM32F4xx_HAL_Driver/Src/stm32f4xx_hal.c.obj
                0x00000000080013b4                HAL_InitTick
 .text.HAL_IncTick
                0x0000000008001414       0x28 CMakeFiles/Intelligent_Logistics_Handling_IIC.dir/Drivers/STM32F4xx_HAL_Driver/Src/stm32f4xx_hal.c.obj
                0x0000000008001414                HAL_IncTick
 .text.HAL_GetTick
                0x000000000800143c       0x18 CMakeFiles/Intelligent_Logistics_Handling_IIC.dir/Drivers/STM32F4xx_HAL_Driver/Src/stm32f4xx_hal.c.obj
                0x000000000800143c                HAL_GetTick
 .text.SystemInit
                0x0000000008001454       0x24 CMakeFiles/Intelligent_Logistics_Handling_IIC.dir/Core/Src/system_stm32f4xx.c.obj
                0x0000000008001454                SystemInit
 .text.Reset_Handler
                0x0000000008001478       0x50 CMakeFiles/Intelligent_Logistics_Handling_IIC.dir/startup_stm32f407xx.s.obj
                0x0000000008001478                Reset_Handler
 .text.Default_Handler
                0x00000000080014c8        0x2 CMakeFiles/Intelligent_Logistics_Handling_IIC.dir/startup_stm32f407xx.s.obj
                0x00000000080014c8                RTC_Alarm_IRQHandler
                0x00000000080014c8                HASH_RNG_IRQHandler
                0x00000000080014c8                EXTI2_IRQHandler
                0x00000000080014c8                TIM8_CC_IRQHandler
                0x00000000080014c8                TIM1_CC_IRQHandler
                0x00000000080014c8                DMA2_Stream5_IRQHandler
                0x00000000080014c8                DMA1_Stream5_IRQHandler
                0x00000000080014c8                PVD_IRQHandler
                0x00000000080014c8                SDIO_IRQHandler
                0x00000000080014c8                TAMP_STAMP_IRQHandler
                0x00000000080014c8                CAN2_RX1_IRQHandler
                0x00000000080014c8                EXTI3_IRQHandler
                0x00000000080014c8                TIM8_TRG_COM_TIM14_IRQHandler
                0x00000000080014c8                TIM1_UP_TIM10_IRQHandler
                0x00000000080014c8                TIM8_UP_TIM13_IRQHandler
                0x00000000080014c8                I2C3_ER_IRQHandler
                0x00000000080014c8                I2C2_EV_IRQHandler
                0x00000000080014c8                DMA1_Stream2_IRQHandler
                0x00000000080014c8                CAN1_RX0_IRQHandler
                0x00000000080014c8                FPU_IRQHandler
                0x00000000080014c8                OTG_HS_WKUP_IRQHandler
                0x00000000080014c8                CAN2_SCE_IRQHandler
                0x00000000080014c8                DMA2_Stream2_IRQHandler
                0x00000000080014c8                SPI1_IRQHandler
                0x00000000080014c8                TIM6_DAC_IRQHandler
                0x00000000080014c8                TIM1_BRK_TIM9_IRQHandler
                0x00000000080014c8                DCMI_IRQHandler
                0x00000000080014c8                CAN2_RX0_IRQHandler
                0x00000000080014c8                DMA2_Stream3_IRQHandler
                0x00000000080014c8                USART6_IRQHandler
                0x00000000080014c8                USART3_IRQHandler
                0x00000000080014c8                CAN1_RX1_IRQHandler
                0x00000000080014c8                UART5_IRQHandler
                0x00000000080014c8                DMA2_Stream0_IRQHandler
                0x00000000080014c8                TIM4_IRQHandler
                0x00000000080014c8                I2C1_EV_IRQHandler
                0x00000000080014c8                DMA1_Stream6_IRQHandler
                0x00000000080014c8                DMA1_Stream1_IRQHandler
                0x00000000080014c8                UART4_IRQHandler
                0x00000000080014c8                TIM3_IRQHandler
                0x00000000080014c8                RCC_IRQHandler
                0x00000000080014c8                TIM8_BRK_TIM12_IRQHandler
                0x00000000080014c8                Default_Handler
                0x00000000080014c8                EXTI15_10_IRQHandler
                0x00000000080014c8                ADC_IRQHandler
                0x00000000080014c8                DMA1_Stream7_IRQHandler
                0x00000000080014c8                TIM7_IRQHandler
                0x00000000080014c8                CAN2_TX_IRQHandler
                0x00000000080014c8                TIM5_IRQHandler
                0x00000000080014c8                DMA2_Stream7_IRQHandler
                0x00000000080014c8                I2C3_EV_IRQHandler
                0x00000000080014c8                EXTI9_5_IRQHandler
                0x00000000080014c8                RTC_WKUP_IRQHandler
                0x00000000080014c8                ETH_WKUP_IRQHandler
                0x00000000080014c8                SPI2_IRQHandler
                0x00000000080014c8                OTG_HS_EP1_IN_IRQHandler
                0x00000000080014c8                DMA1_Stream0_IRQHandler
                0x00000000080014c8                CAN1_TX_IRQHandler
                0x00000000080014c8                EXTI4_IRQHandler
                0x00000000080014c8                FSMC_IRQHandler
                0x00000000080014c8                ETH_IRQHandler
                0x00000000080014c8                OTG_HS_EP1_OUT_IRQHandler
                0x00000000080014c8                WWDG_IRQHandler
                0x00000000080014c8                TIM2_IRQHandler
                0x00000000080014c8                OTG_FS_WKUP_IRQHandler
                0x00000000080014c8                TIM1_TRG_COM_TIM11_IRQHandler
                0x00000000080014c8                OTG_HS_IRQHandler
                0x00000000080014c8                EXTI1_IRQHandler
                0x00000000080014c8                USART2_IRQHandler
                0x00000000080014c8                I2C2_ER_IRQHandler
                0x00000000080014c8                DMA2_Stream1_IRQHandler
                0x00000000080014c8                CAN1_SCE_IRQHandler
                0x00000000080014c8                FLASH_IRQHandler
                0x00000000080014c8                DMA2_Stream4_IRQHandler
                0x00000000080014c8                USART1_IRQHandler
                0x00000000080014c8                OTG_FS_IRQHandler
                0x00000000080014c8                SPI3_IRQHandler
                0x00000000080014c8                DMA1_Stream4_IRQHandler
                0x00000000080014c8                I2C1_ER_IRQHandler
                0x00000000080014c8                DMA2_Stream6_IRQHandler
                0x00000000080014c8                DMA1_Stream3_IRQHandler
 .text.__udivmoddi4
                0x00000000080014ca      0x2a0 d:/msys64/mingw64/bin/../lib/gcc/arm-none-eabi/12.2.0/thumb/v7e-m+fp/hard\libgcc.a(_udivmoddi4.o)
                0x00000000080014ca                __udivmoddi4
 *(.glue_7)
 .glue_7        0x000000000800176a        0x0 linker stubs
 *(.glue_7t)
 .glue_7t       0x000000000800176a        0x0 linker stubs
 *(.eh_frame)
 *fill*         0x000000000800176a        0x2 
 .eh_frame      0x000000000800176c        0x0 d:/msys64/mingw64/bin/../lib/gcc/arm-none-eabi/12.2.0/thumb/v7e-m+fp/hard/crtbegin.o
 *(.init)
 .init          0x000000000800176c        0x4 d:/msys64/mingw64/bin/../lib/gcc/arm-none-eabi/12.2.0/thumb/v7e-m+fp/hard/crti.o
                0x000000000800176c                _init
 .init          0x0000000008001770        0x8 d:/msys64/mingw64/bin/../lib/gcc/arm-none-eabi/12.2.0/thumb/v7e-m+fp/hard/crtn.o
 *(.fini)
 .fini          0x0000000008001778        0x4 d:/msys64/mingw64/bin/../lib/gcc/arm-none-eabi/12.2.0/thumb/v7e-m+fp/hard/crti.o
                0x0000000008001778                _fini
 .fini          0x000000000800177c        0x8 d:/msys64/mingw64/bin/../lib/gcc/arm-none-eabi/12.2.0/thumb/v7e-m+fp/hard/crtn.o
                0x0000000008001784                . = ALIGN (0x4)
                0x0000000008001784                _etext = .

.vfp11_veneer   0x0000000008001784        0x0
 .vfp11_veneer  0x0000000008001784        0x0 linker stubs

.v4_bx          0x0000000008001784        0x0
 .v4_bx         0x0000000008001784        0x0 linker stubs

.iplt           0x0000000008001784        0x0
 .iplt          0x0000000008001784        0x0 d:/msys64/mingw64/bin/../lib/gcc/arm-none-eabi/12.2.0/thumb/v7e-m+fp/hard/crtbegin.o

.rodata         0x0000000008001784       0x10
                0x0000000008001784                . = ALIGN (0x4)
 *(.rodata)
 *(.rodata*)
 .rodata.AHBPrescTable
                0x0000000008001784       0x10 CMakeFiles/Intelligent_Logistics_Handling_IIC.dir/Core/Src/system_stm32f4xx.c.obj
                0x0000000008001784                AHBPrescTable
                0x0000000008001794                . = ALIGN (0x4)

.ARM.extab
 *(.ARM.extab* .gnu.linkonce.armextab.*)

.ARM            0x0000000008001794        0x8
                0x0000000008001794                __exidx_start = .
 *(.ARM.exidx*)
 .ARM.exidx.text.__udivmoddi4
                0x0000000008001794        0x8 d:/msys64/mingw64/bin/../lib/gcc/arm-none-eabi/12.2.0/thumb/v7e-m+fp/hard\libgcc.a(_udivmoddi4.o)
                0x000000000800179c                __exidx_end = .

.rel.dyn        0x000000000800179c        0x0
 .rel.iplt      0x000000000800179c        0x0 d:/msys64/mingw64/bin/../lib/gcc/arm-none-eabi/12.2.0/thumb/v7e-m+fp/hard/crtbegin.o

.preinit_array  0x000000000800179c        0x0
                0x000000000800179c                PROVIDE (__preinit_array_start = .)
 *(.preinit_array*)
                0x000000000800179c                PROVIDE (__preinit_array_end = .)

.init_array     0x000000000800179c        0x4
                0x000000000800179c                PROVIDE (__init_array_start = .)
 *(SORT_BY_NAME(.init_array.*))
 *(.init_array*)
 .init_array    0x000000000800179c        0x4 d:/msys64/mingw64/bin/../lib/gcc/arm-none-eabi/12.2.0/thumb/v7e-m+fp/hard/crtbegin.o
                0x00000000080017a0                PROVIDE (__init_array_end = .)

.fini_array     0x00000000080017a0        0x4
                0x00000000080017a0                PROVIDE (__fini_array_start = .)
 *(SORT_BY_NAME(.fini_array.*))
 *(.fini_array*)
 .fini_array    0x00000000080017a0        0x4 d:/msys64/mingw64/bin/../lib/gcc/arm-none-eabi/12.2.0/thumb/v7e-m+fp/hard/crtbegin.o
                0x00000000080017a4                PROVIDE (__fini_array_end = .)
                0x00000000080017a4                _sidata = LOADADDR (.data)

.data           0x0000000020000000        0xc load address 0x00000000080017a4
                0x0000000020000000                . = ALIGN (0x4)
                0x0000000020000000                _sdata = .
 *(.data)
 *(.data*)
 .data.uwTickPrio
                0x0000000020000000        0x4 CMakeFiles/Intelligent_Logistics_Handling_IIC.dir/Drivers/STM32F4xx_HAL_Driver/Src/stm32f4xx_hal.c.obj
                0x0000000020000000                uwTickPrio
 .data.uwTickFreq
                0x0000000020000004        0x1 CMakeFiles/Intelligent_Logistics_Handling_IIC.dir/Drivers/STM32F4xx_HAL_Driver/Src/stm32f4xx_hal.c.obj
                0x0000000020000004                uwTickFreq
 *fill*         0x0000000020000005        0x3 
 .data.SystemCoreClock
                0x0000000020000008        0x4 CMakeFiles/Intelligent_Logistics_Handling_IIC.dir/Core/Src/system_stm32f4xx.c.obj
                0x0000000020000008                SystemCoreClock
                0x000000002000000c                . = ALIGN (0x4)
                0x000000002000000c                _edata = .
                0x00000000080017b0                _siccmram = LOADADDR (.ccmram)

.igot.plt       0x000000002000000c        0x0 load address 0x00000000080017b0
 .igot.plt      0x000000002000000c        0x0 d:/msys64/mingw64/bin/../lib/gcc/arm-none-eabi/12.2.0/thumb/v7e-m+fp/hard/crtbegin.o

.ccmram         0x0000000010000000        0x0 load address 0x00000000080017b0
                0x0000000010000000                . = ALIGN (0x4)
                0x0000000010000000                _sccmram = .
 *(.ccmram)
 *(.ccmram*)
                0x0000000010000000                . = ALIGN (0x4)
                0x0000000010000000                _eccmram = .
                0x0000000010000000                . = ALIGN (0x4)

.bss            0x000000002000000c       0x20
                0x000000002000000c                _sbss = .
                0x000000002000000c                __bss_start__ = _sbss
 *(.bss)
 *(.bss*)
 .bss.completed.1
                0x000000002000000c        0x1 d:/msys64/mingw64/bin/../lib/gcc/arm-none-eabi/12.2.0/thumb/v7e-m+fp/hard/crtbegin.o
 *fill*         0x000000002000000d        0x3 
 .bss.object.0  0x0000000020000010       0x18 d:/msys64/mingw64/bin/../lib/gcc/arm-none-eabi/12.2.0/thumb/v7e-m+fp/hard/crtbegin.o
 .bss.uwTick    0x0000000020000028        0x4 CMakeFiles/Intelligent_Logistics_Handling_IIC.dir/Drivers/STM32F4xx_HAL_Driver/Src/stm32f4xx_hal.c.obj
                0x0000000020000028                uwTick
 *(COMMON)
                0x000000002000002c                . = ALIGN (0x4)
                0x000000002000002c                _ebss = .
                0x000000002000002c                __bss_end__ = _ebss

._user_heap_stack
                0x000000002000002c      0x604
                0x0000000020000030                . = ALIGN (0x8)
 *fill*         0x000000002000002c        0x4 
                [!provide]                        PROVIDE (end = .)
                0x0000000020000030                PROVIDE (_end = .)
                0x0000000020000230                . = (. + _Min_Heap_Size)
 *fill*         0x0000000020000030      0x200 
                0x0000000020000630                . = (. + _Min_Stack_Size)
 *fill*         0x0000000020000230      0x400 
                0x0000000020000630                . = ALIGN (0x8)

/DISCARD/
 libc.a(*)
 libm.a(*)
 libgcc.a(*)

.ARM.attributes
                0x0000000000000000       0x30
 *(.ARM.attributes)
 .ARM.attributes
                0x0000000000000000       0x22 d:/msys64/mingw64/bin/../lib/gcc/arm-none-eabi/12.2.0/thumb/v7e-m+fp/hard/crti.o
 .ARM.attributes
                0x0000000000000022       0x34 d:/msys64/mingw64/bin/../lib/gcc/arm-none-eabi/12.2.0/thumb/v7e-m+fp/hard/crtbegin.o
 .ARM.attributes
                0x0000000000000056       0x34 d:/msys64/mingw64/bin/../lib/gcc/arm-none-eabi/12.2.0/../../../../arm-none-eabi/lib/thumb/v7e-m+fp/hard\libc_nano.a(lib_a-init.o)
 .ARM.attributes
                0x000000000000008a       0x34 d:/msys64/mingw64/bin/../lib/gcc/arm-none-eabi/12.2.0/../../../../arm-none-eabi/lib/thumb/v7e-m+fp/hard\libc_nano.a(lib_a-memset.o)
 .ARM.attributes
                0x00000000000000be       0x34 CMakeFiles/Intelligent_Logistics_Handling_IIC.dir/Core/Src/main.c.obj
 .ARM.attributes
                0x00000000000000f2       0x34 CMakeFiles/Intelligent_Logistics_Handling_IIC.dir/Core/Src/gpio.c.obj
 .ARM.attributes
                0x0000000000000126       0x34 CMakeFiles/Intelligent_Logistics_Handling_IIC.dir/Core/Src/stm32f4xx_it.c.obj
 .ARM.attributes
                0x000000000000015a       0x34 CMakeFiles/Intelligent_Logistics_Handling_IIC.dir/Core/Src/stm32f4xx_hal_msp.c.obj
 .ARM.attributes
                0x000000000000018e       0x34 CMakeFiles/Intelligent_Logistics_Handling_IIC.dir/Drivers/STM32F4xx_HAL_Driver/Src/stm32f4xx_hal_rcc.c.obj
 .ARM.attributes
                0x00000000000001c2       0x34 CMakeFiles/Intelligent_Logistics_Handling_IIC.dir/Drivers/STM32F4xx_HAL_Driver/Src/stm32f4xx_hal_gpio.c.obj
 .ARM.attributes
                0x00000000000001f6       0x34 CMakeFiles/Intelligent_Logistics_Handling_IIC.dir/Drivers/STM32F4xx_HAL_Driver/Src/stm32f4xx_hal_cortex.c.obj
 .ARM.attributes
                0x000000000000022a       0x34 CMakeFiles/Intelligent_Logistics_Handling_IIC.dir/Drivers/STM32F4xx_HAL_Driver/Src/stm32f4xx_hal.c.obj
 .ARM.attributes
                0x000000000000025e       0x34 CMakeFiles/Intelligent_Logistics_Handling_IIC.dir/Core/Src/system_stm32f4xx.c.obj
 .ARM.attributes
                0x0000000000000292       0x21 CMakeFiles/Intelligent_Logistics_Handling_IIC.dir/startup_stm32f407xx.s.obj
 .ARM.attributes
                0x00000000000002b3       0x22 d:/msys64/mingw64/bin/../lib/gcc/arm-none-eabi/12.2.0/thumb/v7e-m+fp/hard\libgcc.a(_aeabi_uldivmod.o)
 .ARM.attributes
                0x00000000000002d5       0x34 d:/msys64/mingw64/bin/../lib/gcc/arm-none-eabi/12.2.0/thumb/v7e-m+fp/hard\libgcc.a(_udivmoddi4.o)
 .ARM.attributes
                0x0000000000000309       0x22 d:/msys64/mingw64/bin/../lib/gcc/arm-none-eabi/12.2.0/thumb/v7e-m+fp/hard\libgcc.a(_dvmd_tls.o)
 .ARM.attributes
                0x000000000000032b       0x22 d:/msys64/mingw64/bin/../lib/gcc/arm-none-eabi/12.2.0/thumb/v7e-m+fp/hard/crtn.o
OUTPUT(Intelligent_Logistics_Handling_IIC.elf elf32-littlearm)
LOAD linker stubs
LOAD d:/msys64/mingw64/bin/../lib/gcc/arm-none-eabi/12.2.0/../../../../arm-none-eabi/lib/thumb/v7e-m+fp/hard\libc.a
LOAD d:/msys64/mingw64/bin/../lib/gcc/arm-none-eabi/12.2.0/../../../../arm-none-eabi/lib/thumb/v7e-m+fp/hard\libm.a
LOAD d:/msys64/mingw64/bin/../lib/gcc/arm-none-eabi/12.2.0/thumb/v7e-m+fp/hard\libgcc.a

.debug_frame    0x0000000000000000      0xec0
 .debug_frame   0x0000000000000000       0x2c d:/msys64/mingw64/bin/../lib/gcc/arm-none-eabi/12.2.0/../../../../arm-none-eabi/lib/thumb/v7e-m+fp/hard\libc_nano.a(lib_a-init.o)
 .debug_frame   0x000000000000002c       0x2c d:/msys64/mingw64/bin/../lib/gcc/arm-none-eabi/12.2.0/../../../../arm-none-eabi/lib/thumb/v7e-m+fp/hard\libc_nano.a(lib_a-memset.o)
 .debug_frame   0x0000000000000058       0x68 CMakeFiles/Intelligent_Logistics_Handling_IIC.dir/Core/Src/main.c.obj
 .debug_frame   0x00000000000000c0       0x34 CMakeFiles/Intelligent_Logistics_Handling_IIC.dir/Core/Src/gpio.c.obj
 .debug_frame   0x00000000000000f4      0x120 CMakeFiles/Intelligent_Logistics_Handling_IIC.dir/Core/Src/stm32f4xx_it.c.obj
 .debug_frame   0x0000000000000214       0x38 CMakeFiles/Intelligent_Logistics_Handling_IIC.dir/Core/Src/stm32f4xx_hal_msp.c.obj
 .debug_frame   0x000000000000024c      0x1f4 CMakeFiles/Intelligent_Logistics_Handling_IIC.dir/Drivers/STM32F4xx_HAL_Driver/Src/stm32f4xx_hal_rcc.c.obj
 .debug_frame   0x0000000000000440      0x14c CMakeFiles/Intelligent_Logistics_Handling_IIC.dir/Drivers/STM32F4xx_HAL_Driver/Src/stm32f4xx_hal_gpio.c.obj
 .debug_frame   0x000000000000058c      0x508 CMakeFiles/Intelligent_Logistics_Handling_IIC.dir/Drivers/STM32F4xx_HAL_Driver/Src/stm32f4xx_hal_cortex.c.obj
 .debug_frame   0x0000000000000a94      0x374 CMakeFiles/Intelligent_Logistics_Handling_IIC.dir/Drivers/STM32F4xx_HAL_Driver/Src/stm32f4xx_hal.c.obj
 .debug_frame   0x0000000000000e08       0x58 CMakeFiles/Intelligent_Logistics_Handling_IIC.dir/Core/Src/system_stm32f4xx.c.obj
 .debug_frame   0x0000000000000e60       0x2c d:/msys64/mingw64/bin/../lib/gcc/arm-none-eabi/12.2.0/thumb/v7e-m+fp/hard\libgcc.a(_aeabi_uldivmod.o)
 .debug_frame   0x0000000000000e8c       0x34 d:/msys64/mingw64/bin/../lib/gcc/arm-none-eabi/12.2.0/thumb/v7e-m+fp/hard\libgcc.a(_udivmoddi4.o)

.debug_info     0x0000000000000000     0x4165
 .debug_info    0x0000000000000000      0x4ac CMakeFiles/Intelligent_Logistics_Handling_IIC.dir/Core/Src/main.c.obj
 .debug_info    0x00000000000004ac      0x62a CMakeFiles/Intelligent_Logistics_Handling_IIC.dir/Core/Src/gpio.c.obj
 .debug_info    0x0000000000000ad6      0x14a CMakeFiles/Intelligent_Logistics_Handling_IIC.dir/Core/Src/stm32f4xx_it.c.obj
 .debug_info    0x0000000000000c20      0x269 CMakeFiles/Intelligent_Logistics_Handling_IIC.dir/Core/Src/stm32f4xx_hal_msp.c.obj
 .debug_info    0x0000000000000e89      0x8af CMakeFiles/Intelligent_Logistics_Handling_IIC.dir/Drivers/STM32F4xx_HAL_Driver/Src/stm32f4xx_hal_rcc.c.obj
 .debug_info    0x0000000000001738      0x6c3 CMakeFiles/Intelligent_Logistics_Handling_IIC.dir/Drivers/STM32F4xx_HAL_Driver/Src/stm32f4xx_hal_gpio.c.obj
 .debug_info    0x0000000000001dfb      0xd8c CMakeFiles/Intelligent_Logistics_Handling_IIC.dir/Drivers/STM32F4xx_HAL_Driver/Src/stm32f4xx_hal_cortex.c.obj
 .debug_info    0x0000000000002b87      0x944 CMakeFiles/Intelligent_Logistics_Handling_IIC.dir/Drivers/STM32F4xx_HAL_Driver/Src/stm32f4xx_hal.c.obj
 .debug_info    0x00000000000034cb      0x512 CMakeFiles/Intelligent_Logistics_Handling_IIC.dir/Core/Src/system_stm32f4xx.c.obj
 .debug_info    0x00000000000039dd       0x2e CMakeFiles/Intelligent_Logistics_Handling_IIC.dir/startup_stm32f407xx.s.obj
 .debug_info    0x0000000000003a0b       0x24 d:/msys64/mingw64/bin/../lib/gcc/arm-none-eabi/12.2.0/thumb/v7e-m+fp/hard\libgcc.a(_aeabi_uldivmod.o)
 .debug_info    0x0000000000003a2f      0x6fd d:/msys64/mingw64/bin/../lib/gcc/arm-none-eabi/12.2.0/thumb/v7e-m+fp/hard\libgcc.a(_udivmoddi4.o)
 .debug_info    0x000000000000412c       0x39 d:/msys64/mingw64/bin/../lib/gcc/arm-none-eabi/12.2.0/thumb/v7e-m+fp/hard\libgcc.a(_dvmd_tls.o)

.debug_abbrev   0x0000000000000000     0x1152
 .debug_abbrev  0x0000000000000000      0x1d6 CMakeFiles/Intelligent_Logistics_Handling_IIC.dir/Core/Src/main.c.obj
 .debug_abbrev  0x00000000000001d6      0x174 CMakeFiles/Intelligent_Logistics_Handling_IIC.dir/Core/Src/gpio.c.obj
 .debug_abbrev  0x000000000000034a       0xa0 CMakeFiles/Intelligent_Logistics_Handling_IIC.dir/Core/Src/stm32f4xx_it.c.obj
 .debug_abbrev  0x00000000000003ea       0xd8 CMakeFiles/Intelligent_Logistics_Handling_IIC.dir/Core/Src/stm32f4xx_hal_msp.c.obj
 .debug_abbrev  0x00000000000004c2      0x2b7 CMakeFiles/Intelligent_Logistics_Handling_IIC.dir/Drivers/STM32F4xx_HAL_Driver/Src/stm32f4xx_hal_rcc.c.obj
 .debug_abbrev  0x0000000000000779      0x1d4 CMakeFiles/Intelligent_Logistics_Handling_IIC.dir/Drivers/STM32F4xx_HAL_Driver/Src/stm32f4xx_hal_gpio.c.obj
 .debug_abbrev  0x000000000000094d      0x31d CMakeFiles/Intelligent_Logistics_Handling_IIC.dir/Drivers/STM32F4xx_HAL_Driver/Src/stm32f4xx_hal_cortex.c.obj
 .debug_abbrev  0x0000000000000c6a      0x214 CMakeFiles/Intelligent_Logistics_Handling_IIC.dir/Drivers/STM32F4xx_HAL_Driver/Src/stm32f4xx_hal.c.obj
 .debug_abbrev  0x0000000000000e7e      0x11a CMakeFiles/Intelligent_Logistics_Handling_IIC.dir/Core/Src/system_stm32f4xx.c.obj
 .debug_abbrev  0x0000000000000f98       0x1d CMakeFiles/Intelligent_Logistics_Handling_IIC.dir/startup_stm32f407xx.s.obj
 .debug_abbrev  0x0000000000000fb5       0x14 d:/msys64/mingw64/bin/../lib/gcc/arm-none-eabi/12.2.0/thumb/v7e-m+fp/hard\libgcc.a(_aeabi_uldivmod.o)
 .debug_abbrev  0x0000000000000fc9      0x16a d:/msys64/mingw64/bin/../lib/gcc/arm-none-eabi/12.2.0/thumb/v7e-m+fp/hard\libgcc.a(_udivmoddi4.o)
 .debug_abbrev  0x0000000000001133       0x1f d:/msys64/mingw64/bin/../lib/gcc/arm-none-eabi/12.2.0/thumb/v7e-m+fp/hard\libgcc.a(_dvmd_tls.o)

.debug_aranges  0x0000000000000000      0x488
 .debug_aranges
                0x0000000000000000       0x30 CMakeFiles/Intelligent_Logistics_Handling_IIC.dir/Core/Src/main.c.obj
 .debug_aranges
                0x0000000000000030       0x20 CMakeFiles/Intelligent_Logistics_Handling_IIC.dir/Core/Src/gpio.c.obj
 .debug_aranges
                0x0000000000000050       0x68 CMakeFiles/Intelligent_Logistics_Handling_IIC.dir/Core/Src/stm32f4xx_it.c.obj
 .debug_aranges
                0x00000000000000b8       0x20 CMakeFiles/Intelligent_Logistics_Handling_IIC.dir/Core/Src/stm32f4xx_hal_msp.c.obj
 .debug_aranges
                0x00000000000000d8       0x88 CMakeFiles/Intelligent_Logistics_Handling_IIC.dir/Drivers/STM32F4xx_HAL_Driver/Src/stm32f4xx_hal_rcc.c.obj
 .debug_aranges
                0x0000000000000160       0x58 CMakeFiles/Intelligent_Logistics_Handling_IIC.dir/Drivers/STM32F4xx_HAL_Driver/Src/stm32f4xx_hal_gpio.c.obj
 .debug_aranges
                0x00000000000001b8      0x130 CMakeFiles/Intelligent_Logistics_Handling_IIC.dir/Drivers/STM32F4xx_HAL_Driver/Src/stm32f4xx_hal_cortex.c.obj
 .debug_aranges
                0x00000000000002e8       0xf0 CMakeFiles/Intelligent_Logistics_Handling_IIC.dir/Drivers/STM32F4xx_HAL_Driver/Src/stm32f4xx_hal.c.obj
 .debug_aranges
                0x00000000000003d8       0x28 CMakeFiles/Intelligent_Logistics_Handling_IIC.dir/Core/Src/system_stm32f4xx.c.obj
 .debug_aranges
                0x0000000000000400       0x28 CMakeFiles/Intelligent_Logistics_Handling_IIC.dir/startup_stm32f407xx.s.obj
 .debug_aranges
                0x0000000000000428       0x20 d:/msys64/mingw64/bin/../lib/gcc/arm-none-eabi/12.2.0/thumb/v7e-m+fp/hard\libgcc.a(_aeabi_uldivmod.o)
 .debug_aranges
                0x0000000000000448       0x20 d:/msys64/mingw64/bin/../lib/gcc/arm-none-eabi/12.2.0/thumb/v7e-m+fp/hard\libgcc.a(_udivmoddi4.o)
 .debug_aranges
                0x0000000000000468       0x20 d:/msys64/mingw64/bin/../lib/gcc/arm-none-eabi/12.2.0/thumb/v7e-m+fp/hard\libgcc.a(_dvmd_tls.o)

.debug_rnglists
                0x0000000000000000      0x364
 .debug_rnglists
                0x0000000000000000       0x20 CMakeFiles/Intelligent_Logistics_Handling_IIC.dir/Core/Src/main.c.obj
 .debug_rnglists
                0x0000000000000020       0x14 CMakeFiles/Intelligent_Logistics_Handling_IIC.dir/Core/Src/gpio.c.obj
 .debug_rnglists
                0x0000000000000034       0x49 CMakeFiles/Intelligent_Logistics_Handling_IIC.dir/Core/Src/stm32f4xx_it.c.obj
 .debug_rnglists
                0x000000000000007d       0x13 CMakeFiles/Intelligent_Logistics_Handling_IIC.dir/Core/Src/stm32f4xx_hal_msp.c.obj
 .debug_rnglists
                0x0000000000000090       0x66 CMakeFiles/Intelligent_Logistics_Handling_IIC.dir/Drivers/STM32F4xx_HAL_Driver/Src/stm32f4xx_hal_rcc.c.obj
 .debug_rnglists
                0x00000000000000f6       0x3f CMakeFiles/Intelligent_Logistics_Handling_IIC.dir/Drivers/STM32F4xx_HAL_Driver/Src/stm32f4xx_hal_gpio.c.obj
 .debug_rnglists
                0x0000000000000135       0xe0 CMakeFiles/Intelligent_Logistics_Handling_IIC.dir/Drivers/STM32F4xx_HAL_Driver/Src/stm32f4xx_hal_cortex.c.obj
 .debug_rnglists
                0x0000000000000215       0xaf CMakeFiles/Intelligent_Logistics_Handling_IIC.dir/Drivers/STM32F4xx_HAL_Driver/Src/stm32f4xx_hal.c.obj
 .debug_rnglists
                0x00000000000002c4       0x1a CMakeFiles/Intelligent_Logistics_Handling_IIC.dir/Core/Src/system_stm32f4xx.c.obj
 .debug_rnglists
                0x00000000000002de       0x19 CMakeFiles/Intelligent_Logistics_Handling_IIC.dir/startup_stm32f407xx.s.obj
 .debug_rnglists
                0x00000000000002f7       0x6d d:/msys64/mingw64/bin/../lib/gcc/arm-none-eabi/12.2.0/thumb/v7e-m+fp/hard\libgcc.a(_udivmoddi4.o)

.debug_macro    0x0000000000000000    0x1efef
 .debug_macro   0x0000000000000000      0x1cd CMakeFiles/Intelligent_Logistics_Handling_IIC.dir/Core/Src/main.c.obj
 .debug_macro   0x00000000000001cd      0xab4 CMakeFiles/Intelligent_Logistics_Handling_IIC.dir/Core/Src/main.c.obj
 .debug_macro   0x0000000000000c81      0x28f CMakeFiles/Intelligent_Logistics_Handling_IIC.dir/Core/Src/main.c.obj
 .debug_macro   0x0000000000000f10       0x2e CMakeFiles/Intelligent_Logistics_Handling_IIC.dir/Core/Src/main.c.obj
 .debug_macro   0x0000000000000f3e       0x2f CMakeFiles/Intelligent_Logistics_Handling_IIC.dir/Core/Src/main.c.obj
 .debug_macro   0x0000000000000f6d       0x22 CMakeFiles/Intelligent_Logistics_Handling_IIC.dir/Core/Src/main.c.obj
 .debug_macro   0x0000000000000f8f       0x8e CMakeFiles/Intelligent_Logistics_Handling_IIC.dir/Core/Src/main.c.obj
 .debug_macro   0x000000000000101d       0x51 CMakeFiles/Intelligent_Logistics_Handling_IIC.dir/Core/Src/main.c.obj
 .debug_macro   0x000000000000106e      0x103 CMakeFiles/Intelligent_Logistics_Handling_IIC.dir/Core/Src/main.c.obj
 .debug_macro   0x0000000000001171       0x6a CMakeFiles/Intelligent_Logistics_Handling_IIC.dir/Core/Src/main.c.obj
 .debug_macro   0x00000000000011db      0x1df CMakeFiles/Intelligent_Logistics_Handling_IIC.dir/Core/Src/main.c.obj
 .debug_macro   0x00000000000013ba       0x1c CMakeFiles/Intelligent_Logistics_Handling_IIC.dir/Core/Src/main.c.obj
 .debug_macro   0x00000000000013d6       0x22 CMakeFiles/Intelligent_Logistics_Handling_IIC.dir/Core/Src/main.c.obj
 .debug_macro   0x00000000000013f8       0xfb CMakeFiles/Intelligent_Logistics_Handling_IIC.dir/Core/Src/main.c.obj
 .debug_macro   0x00000000000014f3     0x1011 CMakeFiles/Intelligent_Logistics_Handling_IIC.dir/Core/Src/main.c.obj
 .debug_macro   0x0000000000002504      0x11f CMakeFiles/Intelligent_Logistics_Handling_IIC.dir/Core/Src/main.c.obj
 .debug_macro   0x0000000000002623    0x15e97 CMakeFiles/Intelligent_Logistics_Handling_IIC.dir/Core/Src/main.c.obj
 .debug_macro   0x00000000000184ba       0x6d CMakeFiles/Intelligent_Logistics_Handling_IIC.dir/Core/Src/main.c.obj
 .debug_macro   0x0000000000018527     0x369a CMakeFiles/Intelligent_Logistics_Handling_IIC.dir/Core/Src/main.c.obj
 .debug_macro   0x000000000001bbc1      0x189 CMakeFiles/Intelligent_Logistics_Handling_IIC.dir/Core/Src/main.c.obj
 .debug_macro   0x000000000001bd4a       0x5c CMakeFiles/Intelligent_Logistics_Handling_IIC.dir/Core/Src/main.c.obj
 .debug_macro   0x000000000001bda6      0x980 CMakeFiles/Intelligent_Logistics_Handling_IIC.dir/Core/Src/main.c.obj
 .debug_macro   0x000000000001c726      0x9e9 CMakeFiles/Intelligent_Logistics_Handling_IIC.dir/Core/Src/main.c.obj
 .debug_macro   0x000000000001d10f      0x115 CMakeFiles/Intelligent_Logistics_Handling_IIC.dir/Core/Src/main.c.obj
 .debug_macro   0x000000000001d224      0x13e CMakeFiles/Intelligent_Logistics_Handling_IIC.dir/Core/Src/main.c.obj
 .debug_macro   0x000000000001d362       0xa5 CMakeFiles/Intelligent_Logistics_Handling_IIC.dir/Core/Src/main.c.obj
 .debug_macro   0x000000000001d407      0x174 CMakeFiles/Intelligent_Logistics_Handling_IIC.dir/Core/Src/main.c.obj
 .debug_macro   0x000000000001d57b      0x287 CMakeFiles/Intelligent_Logistics_Handling_IIC.dir/Core/Src/main.c.obj
 .debug_macro   0x000000000001d802       0x5f CMakeFiles/Intelligent_Logistics_Handling_IIC.dir/Core/Src/main.c.obj
 .debug_macro   0x000000000001d861      0x236 CMakeFiles/Intelligent_Logistics_Handling_IIC.dir/Core/Src/main.c.obj
 .debug_macro   0x000000000001da97      0x12c CMakeFiles/Intelligent_Logistics_Handling_IIC.dir/Core/Src/main.c.obj
 .debug_macro   0x000000000001dbc3      0x21e CMakeFiles/Intelligent_Logistics_Handling_IIC.dir/Core/Src/main.c.obj
 .debug_macro   0x000000000001dde1       0x2e CMakeFiles/Intelligent_Logistics_Handling_IIC.dir/Core/Src/main.c.obj
 .debug_macro   0x000000000001de0f      0x127 CMakeFiles/Intelligent_Logistics_Handling_IIC.dir/Core/Src/main.c.obj
 .debug_macro   0x000000000001df36       0x7e CMakeFiles/Intelligent_Logistics_Handling_IIC.dir/Core/Src/main.c.obj
 .debug_macro   0x000000000001dfb4       0x89 CMakeFiles/Intelligent_Logistics_Handling_IIC.dir/Core/Src/main.c.obj
 .debug_macro   0x000000000001e03d      0x12d CMakeFiles/Intelligent_Logistics_Handling_IIC.dir/Core/Src/main.c.obj
 .debug_macro   0x000000000001e16a       0x3a CMakeFiles/Intelligent_Logistics_Handling_IIC.dir/Core/Src/main.c.obj
 .debug_macro   0x000000000001e1a4      0x1c9 CMakeFiles/Intelligent_Logistics_Handling_IIC.dir/Core/Src/gpio.c.obj
 .debug_macro   0x000000000001e36d      0x1c9 CMakeFiles/Intelligent_Logistics_Handling_IIC.dir/Core/Src/stm32f4xx_it.c.obj
 .debug_macro   0x000000000001e536      0x1bf CMakeFiles/Intelligent_Logistics_Handling_IIC.dir/Core/Src/stm32f4xx_hal_msp.c.obj
 .debug_macro   0x000000000001e6f5      0x1d4 CMakeFiles/Intelligent_Logistics_Handling_IIC.dir/Drivers/STM32F4xx_HAL_Driver/Src/stm32f4xx_hal_rcc.c.obj
 .debug_macro   0x000000000001e8c9      0x1b6 CMakeFiles/Intelligent_Logistics_Handling_IIC.dir/Drivers/STM32F4xx_HAL_Driver/Src/stm32f4xx_hal_gpio.c.obj
 .debug_macro   0x000000000001ea7f      0x1b0 CMakeFiles/Intelligent_Logistics_Handling_IIC.dir/Drivers/STM32F4xx_HAL_Driver/Src/stm32f4xx_hal_cortex.c.obj
 .debug_macro   0x000000000001ec2f      0x210 CMakeFiles/Intelligent_Logistics_Handling_IIC.dir/Drivers/STM32F4xx_HAL_Driver/Src/stm32f4xx_hal.c.obj
 .debug_macro   0x000000000001ee3f      0x1b0 CMakeFiles/Intelligent_Logistics_Handling_IIC.dir/Core/Src/system_stm32f4xx.c.obj

.debug_line     0x0000000000000000     0x4bf5
 .debug_line    0x0000000000000000      0x5ce CMakeFiles/Intelligent_Logistics_Handling_IIC.dir/Core/Src/main.c.obj
 .debug_line    0x00000000000005ce      0x56c CMakeFiles/Intelligent_Logistics_Handling_IIC.dir/Core/Src/gpio.c.obj
 .debug_line    0x0000000000000b3a      0x62d CMakeFiles/Intelligent_Logistics_Handling_IIC.dir/Core/Src/stm32f4xx_it.c.obj
 .debug_line    0x0000000000001167      0x553 CMakeFiles/Intelligent_Logistics_Handling_IIC.dir/Core/Src/stm32f4xx_hal_msp.c.obj
 .debug_line    0x00000000000016ba      0xbc9 CMakeFiles/Intelligent_Logistics_Handling_IIC.dir/Drivers/STM32F4xx_HAL_Driver/Src/stm32f4xx_hal_rcc.c.obj
 .debug_line    0x0000000000002283      0x9cc CMakeFiles/Intelligent_Logistics_Handling_IIC.dir/Drivers/STM32F4xx_HAL_Driver/Src/stm32f4xx_hal_gpio.c.obj
 .debug_line    0x0000000000002c4f      0xb32 CMakeFiles/Intelligent_Logistics_Handling_IIC.dir/Drivers/STM32F4xx_HAL_Driver/Src/stm32f4xx_hal_cortex.c.obj
 .debug_line    0x0000000000003781      0x840 CMakeFiles/Intelligent_Logistics_Handling_IIC.dir/Drivers/STM32F4xx_HAL_Driver/Src/stm32f4xx_hal.c.obj
 .debug_line    0x0000000000003fc1      0x5d7 CMakeFiles/Intelligent_Logistics_Handling_IIC.dir/Core/Src/system_stm32f4xx.c.obj
 .debug_line    0x0000000000004598       0x7a CMakeFiles/Intelligent_Logistics_Handling_IIC.dir/startup_stm32f407xx.s.obj
 .debug_line    0x0000000000004612       0x4e d:/msys64/mingw64/bin/../lib/gcc/arm-none-eabi/12.2.0/thumb/v7e-m+fp/hard\libgcc.a(_aeabi_uldivmod.o)
 .debug_line    0x0000000000004660      0x54b d:/msys64/mingw64/bin/../lib/gcc/arm-none-eabi/12.2.0/thumb/v7e-m+fp/hard\libgcc.a(_udivmoddi4.o)
 .debug_line    0x0000000000004bab       0x4a d:/msys64/mingw64/bin/../lib/gcc/arm-none-eabi/12.2.0/thumb/v7e-m+fp/hard\libgcc.a(_dvmd_tls.o)

.debug_str      0x0000000000000000    0xbcc6b
 .debug_str     0x0000000000000000    0xbaf97 CMakeFiles/Intelligent_Logistics_Handling_IIC.dir/Core/Src/main.c.obj
                                      0xbb20e (size before relaxing)
 .debug_str     0x00000000000baf97      0x5f0 CMakeFiles/Intelligent_Logistics_Handling_IIC.dir/Core/Src/gpio.c.obj
                                      0xbb632 (size before relaxing)
 .debug_str     0x00000000000bb587      0x11b CMakeFiles/Intelligent_Logistics_Handling_IIC.dir/Core/Src/stm32f4xx_it.c.obj
                                      0xbb00b (size before relaxing)
 .debug_str     0x00000000000bb6a2       0x54 CMakeFiles/Intelligent_Logistics_Handling_IIC.dir/Core/Src/stm32f4xx_hal_msp.c.obj
                                      0xbb047 (size before relaxing)
 .debug_str     0x00000000000bb6f6      0x2e9 CMakeFiles/Intelligent_Logistics_Handling_IIC.dir/Drivers/STM32F4xx_HAL_Driver/Src/stm32f4xx_hal_rcc.c.obj
                                      0xbb455 (size before relaxing)
 .debug_str     0x00000000000bb9df      0x140 CMakeFiles/Intelligent_Logistics_Handling_IIC.dir/Drivers/STM32F4xx_HAL_Driver/Src/stm32f4xx_hal_gpio.c.obj
                                      0xbb19c (size before relaxing)
 .debug_str     0x00000000000bbb1f      0x454 CMakeFiles/Intelligent_Logistics_Handling_IIC.dir/Drivers/STM32F4xx_HAL_Driver/Src/stm32f4xx_hal_cortex.c.obj
                                      0xbb921 (size before relaxing)
 .debug_str     0x00000000000bbf73      0x5a6 CMakeFiles/Intelligent_Logistics_Handling_IIC.dir/Drivers/STM32F4xx_HAL_Driver/Src/stm32f4xx_hal.c.obj
                                      0xbbba5 (size before relaxing)
 .debug_str     0x00000000000bc519       0x72 CMakeFiles/Intelligent_Logistics_Handling_IIC.dir/Core/Src/system_stm32f4xx.c.obj
                                      0xbb021 (size before relaxing)
 .debug_str     0x00000000000bc58b       0x5b CMakeFiles/Intelligent_Logistics_Handling_IIC.dir/startup_stm32f407xx.s.obj
                                         0x8c (size before relaxing)
 .debug_str     0x00000000000bc5e6       0xa8 d:/msys64/mingw64/bin/../lib/gcc/arm-none-eabi/12.2.0/thumb/v7e-m+fp/hard\libgcc.a(_aeabi_uldivmod.o)
                                         0xb4 (size before relaxing)
 .debug_str     0x00000000000bc68e      0x591 d:/msys64/mingw64/bin/../lib/gcc/arm-none-eabi/12.2.0/thumb/v7e-m+fp/hard\libgcc.a(_udivmoddi4.o)
                                        0x6bd (size before relaxing)
 .debug_str     0x00000000000bcc1f       0x4c d:/msys64/mingw64/bin/../lib/gcc/arm-none-eabi/12.2.0/thumb/v7e-m+fp/hard\libgcc.a(_dvmd_tls.o)
                                         0xd4 (size before relaxing)

.comment        0x0000000000000000       0x12
 .comment       0x0000000000000000       0x12 CMakeFiles/Intelligent_Logistics_Handling_IIC.dir/Core/Src/main.c.obj
                                         0x13 (size before relaxing)
 .comment       0x0000000000000012       0x13 CMakeFiles/Intelligent_Logistics_Handling_IIC.dir/Core/Src/gpio.c.obj
 .comment       0x0000000000000012       0x13 CMakeFiles/Intelligent_Logistics_Handling_IIC.dir/Core/Src/stm32f4xx_it.c.obj
 .comment       0x0000000000000012       0x13 CMakeFiles/Intelligent_Logistics_Handling_IIC.dir/Core/Src/stm32f4xx_hal_msp.c.obj
 .comment       0x0000000000000012       0x13 CMakeFiles/Intelligent_Logistics_Handling_IIC.dir/Drivers/STM32F4xx_HAL_Driver/Src/stm32f4xx_hal_rcc.c.obj
 .comment       0x0000000000000012       0x13 CMakeFiles/Intelligent_Logistics_Handling_IIC.dir/Drivers/STM32F4xx_HAL_Driver/Src/stm32f4xx_hal_gpio.c.obj
 .comment       0x0000000000000012       0x13 CMakeFiles/Intelligent_Logistics_Handling_IIC.dir/Drivers/STM32F4xx_HAL_Driver/Src/stm32f4xx_hal_cortex.c.obj
 .comment       0x0000000000000012       0x13 CMakeFiles/Intelligent_Logistics_Handling_IIC.dir/Drivers/STM32F4xx_HAL_Driver/Src/stm32f4xx_hal.c.obj
 .comment       0x0000000000000012       0x13 CMakeFiles/Intelligent_Logistics_Handling_IIC.dir/Core/Src/system_stm32f4xx.c.obj
 .comment       0x0000000000000012       0x13 d:/msys64/mingw64/bin/../lib/gcc/arm-none-eabi/12.2.0/thumb/v7e-m+fp/hard\libgcc.a(_udivmoddi4.o)

.debug_line_str
                0x0000000000000000      0x126
 .debug_line_str
                0x0000000000000000       0x72 CMakeFiles/Intelligent_Logistics_Handling_IIC.dir/startup_stm32f407xx.s.obj
 .debug_line_str
                0x0000000000000072       0xa8 d:/msys64/mingw64/bin/../lib/gcc/arm-none-eabi/12.2.0/thumb/v7e-m+fp/hard\libgcc.a(_aeabi_uldivmod.o)
 .debug_line_str
                0x000000000000011a        0xc d:/msys64/mingw64/bin/../lib/gcc/arm-none-eabi/12.2.0/thumb/v7e-m+fp/hard\libgcc.a(_dvmd_tls.o)
                                         0xac (size before relaxing)

.debug_loclists
                0x0000000000000000      0x768
 .debug_loclists
                0x0000000000000000      0x768 d:/msys64/mingw64/bin/../lib/gcc/arm-none-eabi/12.2.0/thumb/v7e-m+fp/hard\libgcc.a(_udivmoddi4.o)
